ERC report (2026-08-04T20:47:06, Encoding UTF8)
Report includes: Errors, Warnings

***** Sheet /
[pin_not_connected]: Pin not connected
    ; error
    @(12.70 mm, 67.31 mm): Symbol J1 Pin SH [SHIELD, Passive, Line]
[pin_not_connected]: Pin not connected
    ; error
    @(20.32 mm, 67.31 mm): Symbol J1 Hidden pin A12 [GND, Passive, Line]
[pin_not_connected]: Pin not connected
    ; error
    @(20.32 mm, 156.21 mm): Symbol R7 Pin 1 [Passive, Line]
[pin_not_connected]: Pin not connected
    ; error
    @(20.32 mm, 163.83 mm): Symbol R7 Pin 2 [Passive, Line]
[pin_not_connected]: Pin not connected
    ; error
    @(25.40 mm, 59.69 mm): Symbol D1 Pin 1 [I/O1, Passive, Line]
[pin_not_connected]: Pin not connected
    ; error
    @(25.40 mm, 62.23 mm): Symbol D1 Pin 3 [I/O2, Passive, Line]
[pin_not_connected]: Pin not connected
    ; error
    @(26.67 mm, 35.56 mm): Symbol D2 Pin 1 [K, Passive, Line]
[pin_not_connected]: Pin not connected
    ; error
    @(30.48 mm, 40.64 mm): Symbol F1 Pin 1 [Passive, Line]
[pin_not_connected]: Pin not connected
    ; error
    @(30.48 mm, 48.26 mm): Symbol F1 Pin 2 [Passive, Line]
[pin_not_connected]: Pin not connected
    ; error
    @(30.48 mm, 54.61 mm): Symbol D1 Pin 5 [VBUS, Passive, Line]
[pin_not_connected]: Pin not connected
    ; error
    @(30.48 mm, 67.31 mm): Symbol D1 Pin 2 [GND, Passive, Line]
[pin_not_driven]: Input pin not driven by any Output pins
    ; error
    @(31.75 mm, 44.45 mm): Symbol U3 Pin 6 [EN1, Input, Line]
[pin_not_driven]: Input pin not driven by any Output pins
    ; error
    @(31.75 mm, 46.99 mm): Symbol U3 Pin 5 [EN2, Input, Line]
[pin_not_connected]: Pin not connected
    ; error
    @(31.75 mm, 119.38 mm): Symbol J5 Pin 2 [RST, Input, Line]
[pin_not_driven]: Input pin not driven by any Output pins
    ; error
    @(31.75 mm, 119.38 mm): Symbol J5 Pin 2 [RST, Input, Line]
[pin_not_connected]: Pin not connected
    ; error
    @(31.75 mm, 121.92 mm): Symbol J5 Pin 3 [CLK, Input, Line]
[pin_not_driven]: Input pin not driven by any Output pins
    ; error
    @(31.75 mm, 121.92 mm): Symbol J5 Pin 3 [CLK, Input, Line]
[pin_not_connected]: Pin not connected
    ; error
    @(31.75 mm, 127.00 mm): Symbol J5 Pin 6 [VPP, Input, Line]
[pin_not_driven]: Input pin not driven by any Output pins
    ; error
    @(31.75 mm, 127.00 mm): Symbol J5 Pin 6 [VPP, Input, Line]
[pin_not_connected]: Pin not connected
    ; error
    @(31.75 mm, 129.54 mm): Symbol J5 Pin 7 [I/O, Bidirectional, Line]
[pin_not_connected]: Pin not connected
    ; error
    @(31.75 mm, 156.21 mm): Symbol R8 Pin 1 [Passive, Line]
[pin_not_connected]: Pin not connected
    ; error
    @(31.75 mm, 163.83 mm): Symbol R8 Pin 2 [Passive, Line]
[pin_not_connected]: Pin not connected
    ; error
    @(34.29 mm, 35.56 mm): Symbol D2 Pin 2 [A, Passive, Line]
[pin_not_connected]: Pin not connected
    ; error
    @(35.56 mm, 29.21 mm): Symbol J1 Pin A4 [VBUS, Passive, Line]
[pin_not_connected]: Pin not connected
    ; error
    @(35.56 mm, 34.29 mm): Symbol J1 Pin A5 [CC1, Bidirectional, Line]
[pin_not_connected]: Pin not connected
    ; error
    @(35.56 mm, 36.83 mm): Symbol J1 Pin B5 [CC2, Bidirectional, Line]
[pin_not_connected]: Pin not connected
    ; error
    @(35.56 mm, 41.91 mm): Symbol J1 Pin A7 [D-, Bidirectional, Line]
[pin_not_connected]: Pin not connected
    ; error
    @(35.56 mm, 44.45 mm): Symbol J1 Pin B7 [D-, Bidirectional, Line]
[pin_not_connected]: Pin not connected
    ; error
    @(35.56 mm, 46.99 mm): Symbol J1 Pin A6 [D+, Bidirectional, Line]
[pin_not_connected]: Pin not connected
    ; error
    @(35.56 mm, 49.53 mm): Symbol J1 Pin B6 [D+, Bidirectional, Line]
[pin_not_connected]: Pin not connected
    ; error
    @(35.56 mm, 57.15 mm): Symbol J1 Pin A8 [SBU1, Bidirectional, Line]
[pin_not_connected]: Pin not connected
    ; error
    @(35.56 mm, 62.23 mm): Symbol D1 Pin 4 [I/O2, Passive, Line]
[pin_not_connected]: Pin not connected
    ; error
    @(41.91 mm, 110.49 mm): Symbol D3 Pin 1 [K1, Passive, Line]
[pin_not_connected]: Pin not connected
    ; error
    @(46.99 mm, 110.49 mm): Symbol D3 Hidden pin 5 [A, Passive, Line]
[pin_to_pin]: Pins of type Open collector and Output are connected
    ; error
    @(57.15 mm, 52.07 mm): Symbol U3 Pin 7 [~{PGOOD}, Open collector, Line]
    @(57.15 mm, 52.07 mm): Symbol U1 Pin 53 [GPIO4, Output, Line]
[pin_not_connected]: Pin not connected
    ; error
    @(57.15 mm, 53.34 mm): Symbol U1 Pin 52 [NETLIGHT, Output, Line]
[power_pin_not_driven]: Input Power pin not driven by any Output Power pins
    ; error
    @(57.15 mm, 54.61 mm): Symbol U1 Pin 51 [VBAT_ADC, Power input, Line]
[pin_not_connected]: Pin not connected
    ; error
    @(57.15 mm, 59.69 mm): Symbol U1 Pin 47 [MK_IN_2, Input, Line]
[pin_not_driven]: Input pin not driven by any Output pins
    ; error
    @(57.15 mm, 59.69 mm): Symbol U1 Pin 47 [MK_IN_2, Input, Line]
[pin_not_connected]: Pin not connected
    ; error
    @(57.15 mm, 63.50 mm): Symbol U1 Pin 44 [MK_OUT_2, Output, Line]
[pin_not_connected]: Pin not connected
    ; error
    @(57.15 mm, 64.77 mm): Symbol U1 Pin 43 [MIC_N, Passive, Line]
[pin_not_connected]: Pin not connected
    ; error
    @(57.15 mm, 66.04 mm): Symbol U1 Pin 42 [MIC_P, Passive, Line]
[pin_not_connected]: Pin not connected
    ; error
    @(57.15 mm, 67.31 mm): Symbol U1 Pin 41 [EAR_N, Passive, Line]
[pin_not_connected]: Pin not connected
    ; error
    @(57.15 mm, 68.58 mm): Symbol U1 Pin 40 [EAR_P, Passive, Line]
[pin_not_connected]: Pin not connected
    ; error
    @(57.15 mm, 71.12 mm): Symbol U1 Pin 38 [I2C_SCL, Output, Line]
[pin_not_connected]: Pin not connected
    ; error
    @(57.15 mm, 72.39 mm): Symbol U1 Pin 37 [I2C_SDA, Bidirectional, Line]
[pin_not_connected]: Pin not connected
    ; error
    @(57.15 mm, 73.66 mm): Symbol U1 Pin 36 [MK_IN_6/I2C3_SCL, Input, Line]
[pin_not_driven]: Input pin not driven by any Output pins
    ; error
    @(57.15 mm, 73.66 mm): Symbol U1 Pin 36 [MK_IN_6/I2C3_SCL, Input, Line]
[pin_not_connected]: Pin not connected
    ; error
    @(57.15 mm, 74.93 mm): Symbol U1 Pin 35 [MK_OUT_6/I2C3_SDA, Output, Line]
[pin_not_connected]: Pin not connected
    ; error
    @(57.15 mm, 86.36 mm): Symbol U1 Pin 26 [GPIO2, Bidirectional, Line]
[pin_not_connected]: Pin not connected
    ; error
    @(57.15 mm, 87.63 mm): Symbol U1 Pin 25 [ADC, Input, Line]
[pin_not_driven]: Input pin not driven by any Output pins
    ; error
    @(57.15 mm, 87.63 mm): Symbol U1 Pin 25 [ADC, Input, Line]
[pin_not_connected]: Pin not connected
    ; error
    @(57.15 mm, 90.17 mm): Symbol U1 Pin 23 [UART_LOG_TX, Output, Line]
[pin_not_connected]: Pin not connected
    ; error
    @(57.15 mm, 91.44 mm): Symbol U1 Pin 22 [UART_LOG_RX, Input, Line]
[pin_not_driven]: Input pin not driven by any Output pins
    ; error
    @(57.15 mm, 91.44 mm): Symbol U1 Pin 22 [UART_LOG_RX, Input, Line]
[pin_not_connected]: Pin not connected
    ; error
    @(57.15 mm, 92.71 mm): Symbol U1 Pin 21 [MK_OUT_3, Output, Line]
[pin_not_connected]: Pin not connected
    ; error
    @(57.15 mm, 93.98 mm): Symbol U1 Pin 20 [MK_IN_3, Input, Line]
[pin_not_driven]: Input pin not driven by any Output pins
    ; error
    @(57.15 mm, 93.98 mm): Symbol U1 Pin 20 [MK_IN_3, Input, Line]
[pin_not_connected]: Pin not connected
    ; error
    @(57.15 mm, 95.25 mm): Symbol U1 Pin 19 [GPIO1, Output, Line]
[pin_not_connected]: Pin not connected
    ; error
    @(57.15 mm, 99.06 mm): Symbol U1 Pin 16 [RESET, Input, Line]
[pin_not_driven]: Input pin not driven by any Output pins
    ; error
    @(57.15 mm, 99.06 mm): Symbol U1 Pin 16 [RESET, Input, Line]
[pin_not_connected]: Pin not connected
    ; error
    @(57.15 mm, 101.60 mm): Symbol U1 Pin 14 [SPI_MISO, Input, Line]
[pin_not_driven]: Input pin not driven by any Output pins
    ; error
    @(57.15 mm, 101.60 mm): Symbol U1 Pin 14 [SPI_MISO, Input, Line]
[pin_not_connected]: Pin not connected
    ; error
    @(57.15 mm, 102.87 mm): Symbol U1 Pin 13 [SPI_MOSI, Output, Line]
[pin_not_connected]: Pin not connected
    ; error
    @(57.15 mm, 104.14 mm): Symbol U1 Pin 12 [SPI_CS, Bidirectional, Line]
[pin_not_connected]: Pin not connected
    ; error
    @(57.15 mm, 105.41 mm): Symbol U1 Pin 11 [SPI_CLK, Bidirectional, Line]
[pin_not_connected]: Pin not connected
    ; error
    @(57.15 mm, 106.68 mm): Symbol U1 Pin 10 [RXD, Input, Line]
[pin_not_driven]: Input pin not driven by any Output pins
    ; error
    @(57.15 mm, 106.68 mm): Symbol U1 Pin 10 [RXD, Input, Line]
[pin_not_connected]: Pin not connected
    ; error
    @(57.15 mm, 107.95 mm): Symbol U1 Pin 9 [TXD, Output, Line]
[pin_not_connected]: Pin not connected
    ; error
    @(57.15 mm, 109.22 mm): Symbol U1 Pin 8 [RTS, Input, Line]
[pin_not_driven]: Input pin not driven by any Output pins
    ; error
    @(57.15 mm, 109.22 mm): Symbol U1 Pin 8 [RTS, Input, Line]
[pin_not_connected]: Pin not connected
    ; error
    @(57.15 mm, 110.49 mm): Symbol U1 Pin 7 [CTS, Output, Line]
[pin_not_connected]: Pin not connected
    ; error
    @(57.15 mm, 111.76 mm): Symbol U1 Pin 6 [USB_BOOT, Input, Line]
[pin_not_driven]: Input pin not driven by any Output pins
    ; error
    @(57.15 mm, 111.76 mm): Symbol U1 Pin 6 [USB_BOOT, Input, Line]
[pin_not_connected]: Pin not connected
    ; error
    @(57.15 mm, 113.03 mm): Symbol U1 Pin 5 [DCD, Output, Line]
[pin_not_connected]: Pin not connected
    ; error
    @(57.15 mm, 114.30 mm): Symbol U1 Pin 4 [RI, Output, Line]
[pin_not_connected]: Pin not connected
    ; error
    @(57.15 mm, 115.57 mm): Symbol U1 Pin 3 [DTR, Input, Line]
[pin_not_driven]: Input pin not driven by any Output pins
    ; error
    @(57.15 mm, 115.57 mm): Symbol U1 Pin 3 [DTR, Input, Line]
[pin_not_connected]: Pin not connected
    ; error
    @(57.15 mm, 118.11 mm): Symbol U1 Pin 1 [PWRKEY, Input, Line]
[pin_not_driven]: Input pin not driven by any Output pins
    ; error
    @(57.15 mm, 118.11 mm): Symbol U1 Pin 1 [PWRKEY, Input, Line]
[pin_not_connected]: Pin not connected
    ; error
    @(69.85 mm, 116.84 mm): Symbol U6 Pin 1 [~{CS}, Input, Line]
[pin_not_driven]: Input pin not driven by any Output pins
    ; error
    @(69.85 mm, 116.84 mm): Symbol U6 Pin 1 [~{CS}, Input, Line]
[pin_not_connected]: Pin not connected
    ; error
    @(69.85 mm, 119.38 mm): Symbol U6 Pin 6 [CLK, Input, Line]
[pin_not_driven]: Input pin not driven by any Output pins
    ; error
    @(69.85 mm, 119.38 mm): Symbol U6 Pin 6 [CLK, Input, Line]
[pin_not_connected]: Pin not connected
    ; error
    @(69.85 mm, 121.92 mm): Symbol U6 Pin 5 [DI/IO_{0}, Bidirectional, Line]
[pin_not_connected]: Pin not connected
    ; error
    @(69.85 mm, 124.46 mm): Symbol U6 Pin 2 [DO/IO_{1}, Bidirectional, Line]
[pin_not_connected]: Pin not connected
    ; error
    @(69.85 mm, 127.00 mm): Symbol U6 Pin 3 [~{WP}/IO_{2}, Bidirectional, Line]
[pin_not_connected]: Pin not connected
    ; error
    @(69.85 mm, 129.54 mm): Symbol U6 Pin 7 [~{HOLD}/~{RESET}/IO_{3}, Bidirectional, Line]
[pin_not_connected]: Pin not connected
    ; error
    @(80.01 mm, 111.76 mm): Symbol U6 Pin 8 [VCC, Power input, Line]
[power_pin_not_driven]: Input Power pin not driven by any Output Power pins
    ; error
    @(80.01 mm, 111.76 mm): Symbol U6 Pin 8 [VCC, Power input, Line]
[pin_not_connected]: Pin not connected
    ; error
    @(80.01 mm, 137.16 mm): Symbol U6 Pin 4 [GND, Power input, Line]
[power_pin_not_driven]: Input Power pin not driven by any Output Power pins
    ; error
    @(80.01 mm, 137.16 mm): Symbol U6 Pin 4 [GND, Power input, Line]
[pin_not_connected]: Pin not connected
    ; error
    @(102.87 mm, 40.64 mm): Symbol U1 Pin 124 [CAM_SPI_CLK, Output, Line]
[pin_not_connected]: Pin not connected
    ; error
    @(102.87 mm, 41.91 mm): Symbol U1 Pin 123 [CAM_SPI_D1, Input, Line]
[pin_not_driven]: Input pin not driven by any Output pins
    ; error
    @(102.87 mm, 41.91 mm): Symbol U1 Pin 123 [CAM_SPI_D1, Input, Line]
[pin_not_connected]: Pin not connected
    ; error
    @(102.87 mm, 43.18 mm): Symbol U1 Pin 122 [CAM_SPI_D0, Input, Line]
[pin_not_driven]: Input pin not driven by any Output pins
    ; error
    @(102.87 mm, 43.18 mm): Symbol U1 Pin 122 [CAM_SPI_D0, Input, Line]
[pin_not_connected]: Pin not connected
    ; error
    @(102.87 mm, 44.45 mm): Symbol U1 Pin 121 [CAM_MCLK, Output, Line]
[pin_not_connected]: Pin not connected
    ; error
    @(102.87 mm, 45.72 mm): Symbol U1 Pin 120 [CAM_RST, Output, Line]
[pin_not_connected]: Pin not connected
    ; error
    @(102.87 mm, 46.99 mm): Symbol U1 Pin 119 [CAM_PWDN, Output, Line]
[pin_not_connected]: Pin not connected
    ; error
    @(102.87 mm, 48.26 mm): Symbol U1 Pin 118 [CAM_I2C_SCL, Output, Line]
[pin_not_connected]: Pin not connected
    ; error
    @(102.87 mm, 49.53 mm): Symbol U1 Pin 117 [CAM_I2C_SDA, Output, Line]
[pin_not_connected]: Pin not connected
    ; error
    @(102.87 mm, 50.80 mm): Symbol U1 Pin 116 [GNSS_VBKP, Power input, Line]
[power_pin_not_driven]: Input Power pin not driven by any Output Power pins
    ; error
    @(102.87 mm, 50.80 mm): Symbol U1 Pin 116 [GNSS_VBKP, Power input, Line]
[pin_not_connected]: Pin not connected
    ; error
    @(102.87 mm, 55.88 mm): Symbol U1 Pin 112 [USIM2_DET, Input, Line]
[pin_not_driven]: Input pin not driven by any Output pins
    ; error
    @(102.87 mm, 55.88 mm): Symbol U1 Pin 112 [USIM2_DET, Input, Line]
[pin_not_connected]: Pin not connected
    ; error
    @(102.87 mm, 57.15 mm): Symbol U1 Pin 111 [USIM2_RST, Output, Line]
[pin_not_connected]: Pin not connected
    ; error
    @(102.87 mm, 58.42 mm): Symbol U1 Pin 110 [USIM2_VDD, Power output, Line]
[pin_not_connected]: Pin not connected
    ; error
    @(102.87 mm, 59.69 mm): Symbol U1 Pin 109 [USIM2_CLK, Output, Line]
[pin_not_connected]: Pin not connected
    ; error
    @(102.87 mm, 60.96 mm): Symbol U1 Pin 108 [USIM2_DATA, Bidirectional, Line]
[pin_not_connected]: Pin not connected
    ; error
    @(102.87 mm, 62.23 mm): Symbol U1 Pin 107 [LCD_DCX, Output, Line]
[pin_not_connected]: Pin not connected
    ; error
    @(102.87 mm, 63.50 mm): Symbol U1 Pin 106 [LCD_RST, Output, Line]
[pin_not_connected]: Pin not connected
    ; error
    @(102.87 mm, 64.77 mm): Symbol U1 Pin 105 [LCD_SPI_CS, Output, Line]
[pin_not_connected]: Pin not connected
    ; error
    @(102.87 mm, 66.04 mm): Symbol U1 Pin 104 [LCD_SPI_RXD, Bidirectional, Line]
[pin_not_connected]: Pin not connected
    ; error
    @(102.87 mm, 67.31 mm): Symbol U1 Pin 103 [LCD_SPI_TXD, Bidirectional, Line]
[pin_not_connected]: Pin not connected
    ; error
    @(102.87 mm, 68.58 mm): Symbol U1 Pin 102 [LCD_SPI_CLK, Output, Line]
[pin_not_connected]: Pin not connected
    ; error
    @(102.87 mm, 69.85 mm): Symbol U1 Pin 101 [LCD_BL_PWM, Output, Line]
[pin_not_connected]: Pin not connected
    ; error
    @(102.87 mm, 72.39 mm): Symbol U1 Pin 99 [VDD_2V8, Power output, Line]
[pin_not_connected]: Pin not connected
    ; error
    @(102.87 mm, 73.66 mm): Symbol U1 Pin 98 [GNSS_PWRCTL, Input, Line]
[pin_not_driven]: Input pin not driven by any Output pins
    ; error
    @(102.87 mm, 73.66 mm): Symbol U1 Pin 98 [GNSS_PWRCTL, Input, Line]
[pin_not_connected]: Pin not connected
    ; error
    @(102.87 mm, 74.93 mm): Symbol U1 Pin 97 [1V8_GNSS, Power input, Line]
[power_pin_not_driven]: Input Power pin not driven by any Output Power pins
    ; error
    @(102.87 mm, 74.93 mm): Symbol U1 Pin 97 [1V8_GNSS, Power input, Line]
[pin_not_connected]: Pin not connected
    ; error
    @(102.87 mm, 76.20 mm): Symbol U1 Pin 96 [GNSS_RXD, Input, Line]
[pin_not_driven]: Input pin not driven by any Output pins
    ; error
    @(102.87 mm, 76.20 mm): Symbol U1 Pin 96 [GNSS_RXD, Input, Line]
[pin_not_connected]: Pin not connected
    ; error
    @(102.87 mm, 77.47 mm): Symbol U1 Pin 95 [GNSS_TXD, Output, Line]
[pin_not_connected]: Pin not connected
    ; error
    @(102.87 mm, 80.01 mm): Symbol U1 Pin 93 [BT_ANT, Passive, Line]
[pin_not_connected]: Pin not connected
    ; error
    @(102.87 mm, 83.82 mm): Symbol U1 Pin 90 [GNSS_ANT, Passive, Line]
[pin_not_connected]: Pin not connected
    ; error
    @(102.87 mm, 111.76 mm): Symbol U1 Pin 68 [MK_IN_5, Input, Line]
[pin_not_driven]: Input pin not driven by any Output pins
    ; error
    @(102.87 mm, 111.76 mm): Symbol U1 Pin 68 [MK_IN_5, Input, Line]
[pin_not_connected]: Pin not connected
    ; error
    @(102.87 mm, 113.03 mm): Symbol U1 Pin 67 [MK_OUT_5, Output, Line]
[pin_not_connected]: Pin not connected
    ; error
    @(102.87 mm, 114.30 mm): Symbol U1 Pin 66 [STATUS, Output, Line]
[pin_not_connected]: Pin not connected
    ; error
    @(111.76 mm, 166.37 mm): Symbol C16 Pin 1 [Passive, Line]
[pin_not_connected]: Pin not connected
    ; error
    @(111.76 mm, 173.99 mm): Symbol C16 Pin 2 [Passive, Line]
[pin_not_connected]: Pin not connected
    ; error
    @(124.46 mm, 166.37 mm): Symbol C17 Pin 1 [Passive, Line]
[pin_not_connected]: Pin not connected
    ; error
    @(124.46 mm, 173.99 mm): Symbol C17 Pin 2 [Passive, Line]
[pin_not_driven]: Input pin not driven by any Output pins
    ; error
    @(137.16 mm, 93.98 mm): Symbol U2 Pin 1 [WAKEUP, Input, Line]
[pin_not_connected]: Pin not connected
    ; error
    @(152.40 mm, 102.87 mm): Symbol FL1 Pin 1 [1, Passive, Line]
[pin_not_connected]: Pin not connected
    ; error
    @(160.02 mm, 107.95 mm): Symbol FL1 Pin 2 [2, Passive, Line]
[pin_not_connected]: Pin not connected
    ; error
    @(162.56 mm, 78.74 mm): Symbol U2 Pin 19 [I2C_SCL/SPI_CLK, Input, Line]
[pin_not_driven]: Input pin not driven by any Output pins
    ; error
    @(162.56 mm, 78.74 mm): Symbol U2 Pin 19 [I2C_SCL/SPI_CLK, Input, Line]
[pin_not_connected]: Pin not connected
    ; error
    @(162.56 mm, 81.28 mm): Symbol U2 Pin 18 [I2C_SDA/SPI_CS, Bidirectional, Line]
[pin_not_connected]: Pin not connected
    ; error
    @(162.56 mm, 86.36 mm): Symbol U2 Pin 16 [RXD2, Input, Line]
[pin_not_driven]: Input pin not driven by any Output pins
    ; error
    @(162.56 mm, 86.36 mm): Symbol U2 Pin 16 [RXD2, Input, Line]
[pin_not_connected]: Pin not connected
    ; error
    @(162.56 mm, 88.90 mm): Symbol U2 Pin 15 [TXD2, Output, Line]
[pin_not_connected]: Pin not connected
    ; error
    @(162.56 mm, 91.44 mm): Symbol U2 Pin 14 [ANT_ON, Output, Line]
[pin_not_connected]: Pin not connected
    ; error
    @(167.64 mm, 102.87 mm): Symbol FL1 Pin 3 [3, Passive, Line]
[isolated_pin_label]: Label connected to only one pin
    ; warning
    @(20.32 mm, 146.05 mm): Global Label 'USB_CC1'
[isolated_pin_label]: Label connected to only one pin
    ; warning
    @(31.75 mm, 44.45 mm): Global Label 'CHG_EN1'
[isolated_pin_label]: Label connected to only one pin
    ; warning
    @(31.75 mm, 46.99 mm): Global Label 'CHG_EN2'
[isolated_pin_label]: Label connected to only one pin
    ; warning
    @(31.75 mm, 146.05 mm): Global Label 'USB_CC2'
[isolated_pin_label]: Label connected to only one pin
    ; warning
    @(31.75 mm, 166.37 mm): Global Label 'GNSS_I2C_SDA'
[footprint_link_issues]: Footprint 'DFN-10-1EP_2.5x1mm_P0.5mm_EP0.55x2.2mm' not found in library 'Package_DFN_QFN'
    ; warning
    @(44.45 mm, 110.49 mm): Symbol D3 [PESD5V0L4UF]
[missing_unit]: Symbol D3 has unplaced units [ B, C, D ]
    ; warning
    @(44.45 mm, 110.49 mm): Symbol D3 [PESD5V0L4UF]
[footprint_link_issues]: Footprint 'SIM_Card_Wurth_693072010801' not found in library 'Connector_Card'
    ; warning
    @(44.45 mm, 124.46 mm): Symbol J5 [SIM_Card]
[isolated_pin_label]: Label connected to only one pin
    ; warning
    @(44.45 mm, 166.37 mm): Global Label 'GNSS_I2C_SCL'
[ground_pin_not_ground]: Pin GND not connected to ground net
    ; warning
    @(57.15 mm, 41.91 mm): Symbol U1 Pin 61 [GND, Power input, Line]
[isolated_pin_label]: Label connected to only one pin
    ; warning
    @(57.15 mm, 76.20 mm): Global Label 'SIM_DET'
[isolated_pin_label]: Label connected to only one pin
    ; warning
    @(57.15 mm, 77.47 mm): Global Label 'SIM_RST'
[isolated_pin_label]: Label connected to only one pin
    ; warning
    @(57.15 mm, 78.74 mm): Global Label 'SIM_CLK'
[isolated_pin_label]: Label connected to only one pin
    ; warning
    @(57.15 mm, 80.01 mm): Global Label 'SIM_DATA'
[isolated_pin_label]: Label connected to only one pin
    ; warning
    @(57.15 mm, 83.82 mm): Global Label 'USB_DM_MODEM'
[isolated_pin_label]: Label connected to only one pin
    ; warning
    @(57.15 mm, 85.09 mm): Global Label 'USB_DP_MODEM'
[footprint_link_issues]: Footprint 'A7670G_LABE_124' not found in library 'MarineTracker'
    ; warning
    @(80.01 mm, 80.01 mm): Symbol U1 [A7670G_LABE]
[isolated_pin_label]: Label connected to only one pin
    ; warning
    @(80.01 mm, 156.21 mm): Global Label 'GNSS_RF_FILTER_OUT'
[isolated_pin_label]: Label connected to only one pin
    ; warning
    @(135.89 mm, 173.99 mm): Global Label 'GNSS_RF_FILTER_IN'
[isolated_pin_label]: Label connected to only one pin
    ; warning
    @(137.16 mm, 93.98 mm): Global Label 'GNSS_WAKE_B'
[footprint_link_issues]: Footprint 'LC29H_24LCC' not found in library 'MarineTracker'
    ; warning
    @(149.86 mm, 80.01 mm): Symbol U2 [LC29H_AA]

 ** ERC messages: 167  Errors 146  Warnings 21

 ** Ignored checks:
    - Global label only appears once in the schematic
    - Four connection points are joined together
    - SPICE model issue
    - Assigned footprint doesn't match footprint filters
