ERC report (2026-08-04T21:33:16, Encoding UTF8)
Report includes: Errors, Warnings

***** Sheet /
[pin_not_connected]: Pin not connected
    ; error
    @(31.75 mm, 119.38 mm): Symbol J5 Pin 2 [RST, Input, Line]
[pin_not_driven]: Input pin not driven by any Output pins
    ; error
    @(31.75 mm, 119.38 mm): Symbol J5 Pin 2 [RST, Input, Line]
[pin_not_connected]: Pin not connected
    ; error
    @(31.75 mm, 121.92 mm): Symbol J5 Pin 3 [CLK, Input, Line]
[pin_not_driven]: Input pin not driven by any Output pins
    ; error
    @(31.75 mm, 121.92 mm): Symbol J5 Pin 3 [CLK, Input, Line]
[pin_not_connected]: Pin not connected
    ; error
    @(31.75 mm, 127.00 mm): Symbol J5 Pin 6 [VPP, Input, Line]
[pin_not_driven]: Input pin not driven by any Output pins
    ; error
    @(31.75 mm, 127.00 mm): Symbol J5 Pin 6 [VPP, Input, Line]
[pin_not_connected]: Pin not connected
    ; error
    @(31.75 mm, 129.54 mm): Symbol J5 Pin 7 [I/O, Bidirectional, Line]
[pin_not_connected]: Pin not connected
    ; error
    @(41.91 mm, 110.49 mm): Symbol D3 Pin 1 [K1, Passive, Line]
[pin_not_connected]: Pin not connected
    ; error
    @(44.45 mm, 29.21 mm): Symbol #FLG3 Pin 1 [Power output, Line]
[pin_not_connected]: Pin not connected
    ; error
    @(46.99 mm, 110.49 mm): Symbol D3 Pin 2 [A, Passive, Line]
[pin_not_connected]: Pin not connected
    ; error
    @(57.15 mm, 46.99 mm): Symbol U1 Pin 57 [VBAT, Power input, Line]
[power_pin_not_driven]: Input Power pin not driven by any Output Power pins
    ; error
    @(57.15 mm, 46.99 mm): Symbol U1 Pin 57 [VBAT, Power input, Line]
[pin_not_connected]: Pin not connected
    ; error
    @(57.15 mm, 52.07 mm): Symbol U1 Pin 53 [GPIO4, Output, Line]
[pin_not_connected]: Pin not connected
    ; error
    @(57.15 mm, 54.61 mm): Symbol U1 Pin 51 [VBAT_ADC, Power input, Line]
[power_pin_not_driven]: Input Power pin not driven by any Output Power pins
    ; error
    @(57.15 mm, 54.61 mm): Symbol U1 Pin 51 [VBAT_ADC, Power input, Line]
[pin_not_connected]: Pin not connected
    ; error
    @(57.15 mm, 118.11 mm): Symbol U1 Pin 1 [PWRKEY, Input, Line]
[pin_not_driven]: Input pin not driven by any Output pins
    ; error
    @(57.15 mm, 118.11 mm): Symbol U1 Pin 1 [PWRKEY, Input, Line]
[pin_not_connected]: Pin not connected
    ; error
    @(102.87 mm, 66.04 mm): Symbol U1 Pin 104 [LCD_SPI_RXD, Bidirectional, Line]
[pin_to_pin]: Pins of type Power output and Power output are connected
    ; error
    @(102.87 mm, 85.09 mm): Symbol #FLG1 Pin 1 [Power output, Line]
    @(57.15 mm, 100.33 mm): Symbol U1 Pin 15 [VDD_1V8, Power output, Line]
[pin_not_connected]: Pin not connected
    ; error
    @(110.49 mm, 195.58 mm): Symbol R20 Pin 1 [Passive, Line]
[pin_not_connected]: Pin not connected
    ; error
    @(110.49 mm, 203.20 mm): Symbol R20 Pin 2 [Passive, Line]
[pin_not_driven]: Input pin not driven by any Output pins
    ; error
    @(137.16 mm, 93.98 mm): Symbol U2 Pin 1 [WAKEUP, Input, Line]
[pin_to_pin]: Pins of type Power output and Power output are connected
    ; error
    @(149.86 mm, 27.94 mm): Symbol U7 Pin 6 [VOUT, Power output, Line]
    @(222.70 mm, 19.84 mm): Symbol U3 Pin 10 [OUT, Power output, Line]
[pin_to_pin]: Pins of type Open collector and Power output are connected
    ; error
    @(149.86 mm, 33.02 mm): Symbol U7 Pin 5 [QOD, Open collector, Line]
    @(149.86 mm, 27.94 mm): Symbol U7 Pin 6 [VOUT, Power output, Line]
[power_pin_not_driven]: Input Power pin not driven by any Output Power pins
    ; error
    @(210.00 mm, 14.76 mm): Symbol U3 Pin 13 [IN, Power input, Line]
[isolated_pin_label]: Label connected to only one pin
    ; warning
    @(31.75 mm, 166.37 mm): Global Label 'GNSS_I2C_SDA'
[footprint_link_issues]: Footprint 'DFN-10-1EP_2.5x1mm_P0.5mm_EP0.55x2.2mm' not found in library 'Package_DFN_QFN'
    ; warning
    @(44.45 mm, 110.49 mm): Symbol D3 [PESD5V0L4UF]
[missing_unit]: Symbol D3 has unplaced units [ B, C, D ]
    ; warning
    @(44.45 mm, 110.49 mm): Symbol D3 [PESD5V0L4UF]
[footprint_link_issues]: Footprint 'SIM_Card_Wurth_693072010801' not found in library 'Connector_Card'
    ; warning
    @(44.45 mm, 124.46 mm): Symbol J5 [SIM_Card]
[isolated_pin_label]: Label connected to only one pin
    ; warning
    @(44.45 mm, 166.37 mm): Global Label 'GNSS_I2C_SCL'
[isolated_pin_label]: Label connected to only one pin
    ; warning
    @(57.15 mm, 76.20 mm): Global Label 'SIM_DET'
[isolated_pin_label]: Label connected to only one pin
    ; warning
    @(57.15 mm, 77.47 mm): Global Label 'SIM_RST'
[isolated_pin_label]: Label connected to only one pin
    ; warning
    @(57.15 mm, 78.74 mm): Global Label 'SIM_CLK'
[isolated_pin_label]: Label connected to only one pin
    ; warning
    @(57.15 mm, 80.01 mm): Global Label 'SIM_DATA'
[multiple_net_names]: Both GND and VDD_1V8 are attached to the same items; GND will be used in the netlist
    ; warning
    @(57.15 mm, 50.80 mm): Global Label 'GND'
    @(57.15 mm, 100.33 mm): Global Label 'VDD_1V8'
[footprint_link_issues]: Footprint 'A7670G_LABE_124' not found in library 'MarineTracker'
    ; warning
    @(80.01 mm, 80.01 mm): Symbol U1 [A7670G_LABE]
[multiple_net_names]: Both CHG_PGOOD and WDT_DELAY are attached to the same items; CHG_PGOOD will be used in the netlist
    ; warning
    @(15.24 mm, 85.09 mm): Global Label 'CHG_PGOOD'
    @(124.46 mm, 204.47 mm): Global Label 'WDT_DELAY'
[isolated_pin_label]: Label connected to only one pin
    ; warning
    @(137.16 mm, 93.98 mm): Global Label 'GNSS_WAKE_B'
[footprint_link_issues]: Footprint 'LC29H_24LCC' not found in library 'MarineTracker'
    ; warning
    @(149.86 mm, 80.01 mm): Symbol U2 [LC29H_AA]
[endpoint_off_grid]: Symbol pin or wire end off connection grid
    ; warning
    @(204.92 mm, 80.00 mm): Symbol D1 Pin 1 [I/O1, Passive, Line]
[multiple_net_names]: Both GNSS_SW_IN and VSYS are attached to the same items; GNSS_SW_IN will be used in the netlist
    ; warning
    @(149.86 mm, 27.94 mm): Global Label 'GNSS_SW_IN'
    @(222.70 mm, 19.84 mm): Global Label 'VSYS'
[endpoint_off_grid]: Symbol pin or wire end off connection grid
    ; warning
    @(222.70 mm, 32.54 mm): Symbol U3 Pin 1 [TS, Passive, Line]
[isolated_pin_label]: Label connected to only one pin
    ; warning
    @(222.70 mm, 40.16 mm): Global Label 'CHG_STATUS'
[isolated_pin_label]: Label connected to only one pin
    ; warning
    @(231.14 mm, 162.56 mm): Global Label 'PWRKEY'

 ** ERC messages: 44  Errors 25  Warnings 19

 ** Ignored checks:
    - Global label only appears once in the schematic
    - Four connection points are joined together
    - SPICE model issue
    - Assigned footprint doesn't match footprint filters
